// Jest Snapshot v1, https://goo.gl/fbAQLP

exports[`Sample is empty by default 1`] = `
<body>
  <div>
    <ul>
      <li>
        <a
          href="test"
        >
          test
        </a>
         
      </li>
      <li>
        <a
          href="test2"
        >
          test2
        </a>
         
      </li>
    </ul>
  </div>
</body>
`;
